// Jest Snapshot v1, https://goo.gl/fbAQLP

exports[`returns a reasonable response for Chrome 63 1`] = `
"/* Disable minification (remove \`.min\` from URL path) for more info */

"
`;

exports[`returns a reasonable response for Edge 25 1`] = `
"/* Disable minification (remove \`.min\` from URL path) for more info */

"
`;

exports[`returns a reasonable response for Firefox 56 1`] = `
"/* Disable minification (remove \`.min\` from URL path) for more info */

"
`;

exports[`returns a reasonable response for IE 9 1`] = `
"/* Disable minification (remove \`.min\` from URL path) for more info */

"
`;

exports[`returns a reasonable response for IE 11 1`] = `
"/* Disable minification (remove \`.min\` from URL path) for more info */

"
`;

exports[`returns a reasonable response for Safari 9 1`] = `
"/* Disable minification (remove \`.min\` from URL path) for more info */

"
`;
